// Jest Snapshot v1, https://goo.gl/fbAQLP

exports[`renders correctly 1`] = `
<div
  className="form-group p-3"
>
  <label
    className="mt-2"
    htmlFor="username"
  >
    Username
  </label>
  <div>
    <input
      className="form-control"
      id="username"
      name="username"
      onChange={[Function]}
      value=""
    />
  </div>
  <label
    className="mt-2"
    htmlFor="password"
  >
    Password
  </label>
  <div>
    <input
      className="form-control"
      id="password"
      name="password"
      onChange={[Function]}
      type="password"
      value=""
    />
  </div>
  <label
    className="mt-2"
    htmlFor="sel1"
  >
    Roles
  </label>
  <select
    className="form-control"
    id="sel1"
    onChange={[Function]}
    value={3}
  >
    <option
      value={2}
    >
      ADMIN
    </option>
    <option
      value={3}
    >
      USER
    </option>
  </select>
  <label
    className="mt-2"
    htmlFor="groups"
  >
    Groups
  </label>
  <div
    className="css-1pcexqc-container mt-2"
    id="groups"
    onKeyDown={[Function]}
  >
    <div
      className="css-bg1rzq-control"
      onMouseDown={[Function]}
      onTouchEnd={[Function]}
    >
      <div
        className="css-1hwfws3"
      >
        <div
          className="css-151xaom-placeholder"
        >
          Select...
        </div>
        <div
          className="css-1g6gooi"
        >
          <div
            className=""
            style={
              Object {
                "display": "inline-block",
              }
            }
          >
            <input
              aria-autocomplete="list"
              autoCapitalize="none"
              autoComplete="off"
              autoCorrect="off"
              disabled={false}
              id="react-select-2-input"
              onBlur={[Function]}
              onChange={[Function]}
              onFocus={[Function]}
              spellCheck="false"
              style={
                Object {
                  "background": 0,
                  "border": 0,
                  "boxSizing": "content-box",
                  "color": "inherit",
                  "fontSize": "inherit",
                  "label": "input",
                  "opacity": 1,
                  "outline": 0,
                  "padding": 0,
                  "width": "1px",
                }
              }
              tabIndex="0"
              type="text"
              value=""
            />
            <div
              style={
                Object {
                  "height": 0,
                  "left": 0,
                  "overflow": "scroll",
                  "position": "absolute",
                  "top": 0,
                  "visibility": "hidden",
                  "whiteSpace": "pre",
                }
              }
            >
              
            </div>
          </div>
        </div>
      </div>
      <div
        className="css-1wy0on6"
      >
        <span
          className="css-bgvzuu-indicatorSeparator"
        />
        <div
          aria-hidden="true"
          className="css-16pqwjk-indicatorContainer"
          onMouseDown={[Function]}
          onTouchEnd={[Function]}
        >
          <svg
            aria-hidden="true"
            className="css-19bqh2r"
            focusable="false"
            height={20}
            viewBox="0 0 20 20"
            width={20}
          >
            <path
              d="M4.516 7.548c0.436-0.446 1.043-0.481 1.576 0l3.908 3.747 3.908-3.747c0.533-0.481 1.141-0.446 1.574 0 0.436 0.445 0.408 1.197 0 1.615-0.406 0.418-4.695 4.502-4.695 4.502-0.217 0.223-0.502 0.335-0.787 0.335s-0.57-0.112-0.789-0.335c0 0-4.287-4.084-4.695-4.502s-0.436-1.17 0-1.615z"
            />
          </svg>
        </div>
      </div>
    </div>
  </div>
  <button
    className="mt-3 btn btn-success d-block btn btn-primary"
    disabled={false}
    onClick={[Function]}
    type="button"
  >
    Create
  </button>
</div>
`;
